145.255.156.160 - - [22/Oct/2013:10:01:16 +0200] "GET /user/shop/homepage_carusel/78(1).jpg HTTP/1.1" 200 3031 "http://www.astrasat.sk/" "Mozilla/5.0 (Linux; U; Android 4.1.2; sk-sk; GT-I9300 Build/JZO54K) AppleWebKit/534.30 (KHTML, like Gecko) Version/4.0 Mobile Safari/534.30" www.astrasat.sk HIT - - -
95.102.76.82 - - [22/Oct/2013:10:01:16 +0200] "GET /cms/img/payment_logos/mastercard.gif HTTP/1.1" 200 4152 "http://www.plavani-potapeni.cz/plavky/?gclid=CIWpoO_8qboCFVMftAodhWwAMA" "Mozilla/5.0 (Windows NT 6.0; WOW64; rv:24.0) Gecko/20100101 Firefox/24.0" www.plavani-potapeni.cz EXPIRED 192.168.100.20:80 200 0.012
195.39.19.22 - - [22/Oct/2013:10:01:16 +0200] "GET /kontakty/ HTTP/1.1" 200 24473 "http://www.novakabelka.cz/" "Mozilla/5.0 (compatible; MSIE 9.0; Windows NT 6.1; Trident/5.0)" www.novakabelka.cz MISS 192.168.100.163:80 200 0.601
90.177.91.153 - - [22/Oct/2013:10:01:16 +0200] "GET /templates/qalita/img/cs/h3-canada.gif HTTP/1.1" 200 9829 "http://www.fanda-nhl.cz/florida-panthers/?utm_source=sklik&utm_medium=cpc&utm_campaign=Florida%2BPanthers" "Mozilla/4.0 (compatible; MSIE 8.0; Windows NT 6.0; Trident/4.0; SLCC1; .NET CLR 2.0.50727; Media Center PC 5.0; .NET CLR 3.0.30618; .NET CLR 3.5.30729; Zune 4.7; .NET4.0C)" www.fanda-nhl.cz EXPIRED 192.168.100.20:80 200 0.004
95.102.76.82 - - [22/Oct/2013:10:01:16 +0200] "GET /user/header_backgrounds/web(2).jpg HTTP/1.1" 200 194018 "http://www.plavani-potapeni.cz/templates/frontend_templates/02/css/main.css?parse=1&amp;l=cs&amp;t=02-bluelight-plavanipotapeni_responsive&amp;bu=%2Fuser%2Fheader_backgrounds%2Fweb%282%29.jpg" "Mozilla/5.0 (Windows NT 6.0; WOW64; rv:24.0) Gecko/20100101 Firefox/24.0" www.plavani-potapeni.cz HIT - - -
145.255.156.160 - - [22/Oct/2013:10:01:16 +0200] "GET /templates/astrasat/img/sk/bg_kosik.gif HTTP/1.1" 200 4674 "http://www.astrasat.sk/" "Mozilla/5.0 (Linux; U; Android 4.1.2; sk-sk; GT-I9300 Build/JZO54K) AppleWebKit/534.30 (KHTML, like Gecko) Version/4.0 Mobile Safari/534.30" www.astrasat.sk HIT - - -
87.197.181.106 - - [22/Oct/2013:10:01:16 +0200] "GET /user/shop/category/5329.jpg HTTP/1.0" 200 1943 "http://www.vintage-dekoracie.sk/babiky-a-sobikovia/strana-2/" "Mozilla/5.0 (Windows NT 5.1; rv:24.0) Gecko/20100101 Firefox/24.0" www.vintage-dekoracie.sk MISS 192.168.100.20:80 200 0.019
90.177.91.153 - - [22/Oct/2013:10:01:16 +0200] "GET /templates/qalita/img/cs/h3-ostatni.gif HTTP/1.1" 200 9880 "http://www.fanda-nhl.cz/florida-panthers/?utm_source=sklik&utm_medium=cpc&utm_campaign=Florida%2BPanthers" "Mozilla/4.0 (compatible; MSIE 8.0; Windows NT 6.0; Trident/4.0; SLCC1; .NET CLR 2.0.50727; Media Center PC 5.0; .NET CLR 3.0.30618; .NET CLR 3.5.30729; Zune 4.7; .NET4.0C)" www.fanda-nhl.cz EXPIRED 192.168.100.20:80 200 0.013
109.80.128.6 - - [22/Oct/2013:10:01:16 +0200] "GET /admin/prehled-zbozi/110/ HTTP/1.1" 200 10311 "http://www.vysivaci.cz/admin/prehled-zbozi/110/" "Mozilla/5.0 (Windows NT 6.1; rv:24.0) Gecko/20100101 Firefox/24.0" www.vysivaci.cz MISS 192.168.100.163:80 200 0.981
87.197.181.106 - - [22/Oct/2013:10:01:16 +0200] "GET /user/shop/category/5330.jpg HTTP/1.0" 200 1870 "http://www.vintage-dekoracie.sk/babiky-a-sobikovia/strana-2/" "Mozilla/5.0 (Windows NT 5.1; rv:24.0) Gecko/20100101 Firefox/24.0" www.vintage-dekoracie.sk MISS 192.168.100.20:80 200 0.016
95.102.76.82 - - [22/Oct/2013:10:01:16 +0200] "GET /cms/img/payment_logos/visaElectron.gif HTTP/1.1" 200 3989 "http://www.plavani-potapeni.cz/plavky/?gclid=CIWpoO_8qboCFVMftAodhWwAMA" "Mozilla/5.0 (Windows NT 6.0; WOW64; rv:24.0) Gecko/20100101 Firefox/24.0" www.plavani-potapeni.cz EXPIRED 192.168.100.20:80 200 0.006
90.177.91.153 - - [22/Oct/2013:10:01:16 +0200] "GET /templates/qalita/img/cs/h3-doporucujeme.gif HTTP/1.1" 200 9831 "http://www.fanda-nhl.cz/florida-panthers/?utm_source=sklik&utm_medium=cpc&utm_campaign=Florida%2BPanthers" "Mozilla/4.0 (compatible; MSIE 8.0; Windows NT 6.0; Trident/4.0; SLCC1; .NET CLR 2.0.50727; Media Center PC 5.0; .NET CLR 3.0.30618; .NET CLR 3.5.30729; Zune 4.7; .NET4.0C)" www.fanda-nhl.cz EXPIRED 192.168.100.20:80 200 0.014
85.71.183.230 - - [22/Oct/2013:10:01:16 +0200] "GET /cms/img/payment_logos/kb.gif HTTP/1.1" 200 1264 "http://www.karbon-folie.cz/" "Mozilla/5.0 (Windows NT 6.0; rv:24.0) Gecko/20100101 Firefox/24.0" www.karbon-folie.cz HIT - - -
95.102.76.82 - - [22/Oct/2013:10:01:16 +0200] "GET /cms/img/payment_logos/visa.gif HTTP/1.1" 200 3791 "http://www.plavani-potapeni.cz/plavky/?gclid=CIWpoO_8qboCFVMftAodhWwAMA" "Mozilla/5.0 (Windows NT 6.0; WOW64; rv:24.0) Gecko/20100101 Firefox/24.0" www.plavani-potapeni.cz EXPIRED 192.168.100.20:80 200 0.005
95.102.76.82 - - [22/Oct/2013:10:01:16 +0200] "GET /cms/img/payment_logos/maestro.gif HTTP/1.1" 200 4182 "http://www.plavani-potapeni.cz/plavky/?gclid=CIWpoO_8qboCFVMftAodhWwAMA" "Mozilla/5.0 (Windows NT 6.0; WOW64; rv:24.0) Gecko/20100101 Firefox/24.0" www.plavani-potapeni.cz EXPIRED 192.168.100.20:80 200 0.005
90.177.91.153 - - [22/Oct/2013:10:01:16 +0200] "GET /templates/qalita/img/cs/h3-dalsi-zbozi.gif HTTP/1.1" 200 10455 "http://www.fanda-nhl.cz/florida-panthers/?utm_source=sklik&utm_medium=cpc&utm_campaign=Florida%2BPanthers" "Mozilla/4.0 (compatible; MSIE 8.0; Windows NT 6.0; Trident/4.0; SLCC1; .NET CLR 2.0.50727; Media Center PC 5.0; .NET CLR 3.0.30618; .NET CLR 3.5.30729; Zune 4.7; .NET4.0C)" www.fanda-nhl.cz EXPIRED 192.168.100.20:80 200 0.014
145.255.156.160 - - [22/Oct/2013:10:01:16 +0200] "GET /templates/astrasat/img/sk/bg_vyhody.gif HTTP/1.1" 200 4343 "http://www.astrasat.sk/" "Mozilla/5.0 (Linux; U; Android 4.1.2; sk-sk; GT-I9300 Build/JZO54K) AppleWebKit/534.30 (KHTML, like Gecko) Version/4.0 Mobile Safari/534.30" www.astrasat.sk HIT - - -
176.74.130.2 - - [22/Oct/2013:10:01:16 +0200] "GET /admin/session-refresh/ HTTP/1.1" 200 23 "http://19051.myshoptet.com/" "Mozilla/5.0 (Windows NT 6.1; WOW64; rv:24.0) Gecko/20100101 Firefox/24.0" 19051.myshoptet.com MISS 192.168.100.10:80 200 0.506
87.197.181.106 - - [22/Oct/2013:10:01:16 +0200] "GET /user/shop/category/5306.jpg HTTP/1.0" 200 3377 "http://www.vintage-dekoracie.sk/babiky-a-sobikovia/strana-2/" "Mozilla/5.0 (Windows NT 5.1; rv:24.0) Gecko/20100101 Firefox/24.0" www.vintage-dekoracie.sk MISS 192.168.100.20:80 200 0.017
5.10.83.48 - - [22/Oct/2013:10:01:16 +0200] "GET /ostatni-12/ HTTP/1.1" 200 4697 "-" "Mozilla/5.0 (compatible; AhrefsBot/5.0; +http://ahrefs.com/robot/)" www.perspekta.cz MISS 192.168.100.10:80 200 0.467
87.197.181.106 - - [22/Oct/2013:10:01:16 +0200] "GET /user/shop/category/5296.jpg HTTP/1.0" 200 3482 "http://www.vintage-dekoracie.sk/babiky-a-sobikovia/strana-2/" "Mozilla/5.0 (Windows NT 5.1; rv:24.0) Gecko/20100101 Firefox/24.0" www.vintage-dekoracie.sk MISS 192.168.100.20:80 200 0.014
90.177.91.153 - - [22/Oct/2013:10:01:16 +0200] "GET /templates/qalita/img/cs/h3-odkazy.gif HTTP/1.1" 200 9916 "http://www.fanda-nhl.cz/florida-panthers/?utm_source=sklik&utm_medium=cpc&utm_campaign=Florida%2BPanthers" "Mozilla/4.0 (compatible; MSIE 8.0; Windows NT 6.0; Trident/4.0; SLCC1; .NET CLR 2.0.50727; Media Center PC 5.0; .NET CLR 3.0.30618; .NET CLR 3.5.30729; Zune 4.7; .NET4.0C)" www.fanda-nhl.cz EXPIRED 192.168.100.20:80 200 0.006
90.177.91.153 - - [22/Oct/2013:10:01:16 +0200] "GET /templates/qalita/img/cs/h3-clanky.gif HTTP/1.1" 200 10292 "http://www.fanda-nhl.cz/florida-panthers/?utm_source=sklik&utm_medium=cpc&utm_campaign=Florida%2BPanthers" "Mozilla/4.0 (compatible; MSIE 8.0; Windows NT 6.0; Trident/4.0; SLCC1; .NET CLR 2.0.50727; Media Center PC 5.0; .NET CLR 3.0.30618; .NET CLR 3.5.30729; Zune 4.7; .NET4.0C)" www.fanda-nhl.cz EXPIRED 192.168.100.20:80 200 0.020
95.102.76.82 - - [22/Oct/2013:10:01:16 +0200] "GET /cms/img/payment_logos/payu.gif HTTP/1.1" 200 2371 "http://www.plavani-potapeni.cz/plavky/?gclid=CIWpoO_8qboCFVMftAodhWwAMA" "Mozilla/5.0 (Windows NT 6.0; WOW64; rv:24.0) Gecko/20100101 Firefox/24.0" www.plavani-potapeni.cz EXPIRED 192.168.100.20:80 200 0.007
85.71.183.230 - - [22/Oct/2013:10:01:16 +0200] "GET /cms/img/payment_logos/ceskaSporitelna.gif HTTP/1.1" 200 1727 "http://www.karbon-folie.cz/" "Mozilla/5.0 (Windows NT 6.0; rv:24.0) Gecko/20100101 Firefox/24.0" www.karbon-folie.cz HIT - - -
95.102.76.82 - - [22/Oct/2013:10:01:16 +0200] "GET /cms/img/payment_logos/paypal.gif HTTP/1.1" 200 1356 "http://www.plavani-potapeni.cz/plavky/?gclid=CIWpoO_8qboCFVMftAodhWwAMA" "Mozilla/5.0 (Windows NT 6.0; WOW64; rv:24.0) Gecko/20100101 Firefox/24.0" www.plavani-potapeni.cz EXPIRED 192.168.100.20:80 200 0.006
87.197.181.106 - - [22/Oct/2013:10:01:16 +0200] "GET /user/shop/category/5297.jpg HTTP/1.0" 200 2887 "http://www.vintage-dekoracie.sk/babiky-a-sobikovia/strana-2/" "Mozilla/5.0 (Windows NT 5.1; rv:24.0) Gecko/20100101 Firefox/24.0" www.vintage-dekoracie.sk MISS 192.168.100.20:80 200 0.018
90.179.11.216 - - [22/Oct/2013:10:01:16 +0200] "GET /admin/action/Notifications/getLastNotifications/?lastSeenNotification=62 HTTP/1.1" 200 73 "http://www.modernisvitidla.cz/admin/prehled-objednavek/9/" "Mozilla/5.0 (Windows NT 5.1) AppleWebKit/537.36 (KHTML, like Gecko) Chrome/29.0.1547.76 Safari/537.36" www.modernisvitidla.cz BYPASS 192.168.100.163:80 200 0.300
95.102.76.82 - - [22/Oct/2013:10:01:16 +0200] "GET /cms/img/payment_logos/csob.gif HTTP/1.1" 200 1723 "http://www.plavani-potapeni.cz/plavky/?gclid=CIWpoO_8qboCFVMftAodhWwAMA" "Mozilla/5.0 (Windows NT 6.0; WOW64; rv:24.0) Gecko/20100101 Firefox/24.0" www.plavani-potapeni.cz EXPIRED 192.168.100.20:80 200 0.007
90.177.91.153 - - [22/Oct/2013:10:01:16 +0200] "GET /templates/qalita/img/bg_zahlavi.jpg HTTP/1.1" 200 49729 "http://www.fanda-nhl.cz/florida-panthers/?utm_source=sklik&utm_medium=cpc&utm_campaign=Florida%2BPanthers" "Mozilla/4.0 (compatible; MSIE 8.0; Windows NT 6.0; Trident/4.0; SLCC1; .NET CLR 2.0.50727; Media Center PC 5.0; .NET CLR 3.0.30618; .NET CLR 3.5.30729; Zune 4.7; .NET4.0C)" www.fanda-nhl.cz EXPIRED 192.168.100.20:80 200 0.018
90.177.91.153 - - [22/Oct/2013:10:01:16 +0200] "GET /templates/qalita/img/bg_searchform.jpg HTTP/1.1" 200 4747 "http://www.fanda-nhl.cz/florida-panthers/?utm_source=sklik&utm_medium=cpc&utm_campaign=Florida%2BPanthers" "Mozilla/4.0 (compatible; MSIE 8.0; Windows NT 6.0; Trident/4.0; SLCC1; .NET CLR 2.0.50727; Media Center PC 5.0; .NET CLR 3.0.30618; .NET CLR 3.5.30729; Zune 4.7; .NET4.0C)" www.fanda-nhl.cz EXPIRED 192.168.100.20:80 200 0.008
5.10.83.8 - - [22/Oct/2013:10:01:16 +0200] "GET /panske-kosile-eterna-klasicky-strih-2/eterna-two-ply-comfort-fit--luxusni-fialova-kosile-s-decentnim-bilym-vzorem:diskuse HTTP/1.1" 200 5745 "-" "Mozilla/5.0 (compatible; AhrefsBot/5.0; +http://ahrefs.com/robot/)" www.kosile24.cz MISS 192.168.100.10:80 200 0.421
195.212.58.199 - - [22/Oct/2013:10:01:16 +0200] "GET /templates/frontend_templates/_/css/modal.css?parse=1&amp;l=sk&amp;t=03-greenbrown&amp;bu=%2Fcms%2Fimg%2Fheader_backgrounds%2F02-redgreen.jpg&amp;fx=401&amp;fy=4 HTTP/1.1" 200 80 "http://www.vintage-dekoracie.sk/dekoracie-dom-a-byt/" "Mozilla/4.0 (compatible; MSIE 8.0; Windows NT 6.1; Trident/4.0; SLCC2; .NET CLR 2.0.50727; .NET CLR 3.5.30729; .NET CLR 3.0.30729; Media Center PC 6.0; .NET CLR 1.1.4322; .NET4.0C; .NET4.0E)" www.vintage-dekoracie.sk MISS 192.168.100.20:80 200 0.033
195.212.58.199 - - [22/Oct/2013:10:01:16 +0200] "GET /user/temp/c69c686e9836e299e6e283551f86f4e6.css HTTP/1.1" 200 4915 "http://www.vintage-dekoracie.sk/dekoracie-dom-a-byt/" "Mozilla/4.0 (compatible; MSIE 8.0; Windows NT 6.1; Trident/4.0; SLCC2; .NET CLR 2.0.50727; .NET CLR 3.5.30729; .NET CLR 3.0.30729; Media Center PC 6.0; .NET CLR 1.1.4322; .NET4.0C; .NET4.0E)" www.vintage-dekoracie.sk MISS 192.168.100.20:80 200 0.041
195.212.58.199 - - [22/Oct/2013:10:01:16 +0200] "GET /templates/frontend_templates/03/css/print.css?parse=1&amp;l=sk&amp;t=03-greenbrown&amp;bu=%2Fcms%2Fimg%2Fheader_backgrounds%2F02-redgreen.jpg&amp;fx=401&amp;fy=4 HTTP/1.1" 200 504 "http://www.vintage-dekoracie.sk/dekoracie-dom-a-byt/" "Mozilla/4.0 (compatible; MSIE 8.0; Windows NT 6.1; Trident/4.0; SLCC2; .NET CLR 2.0.50727; .NET CLR 3.5.30729; .NET CLR 3.0.30729; Media Center PC 6.0; .NET CLR 1.1.4322; .NET4.0C; .NET4.0E)" www.vintage-dekoracie.sk MISS 192.168.100.20:80 200 0.032
87.197.181.106 - - [22/Oct/2013:10:01:16 +0200] "GET /user/shop/category/5418.jpg HTTP/1.0" 200 3200 "http://www.vintage-dekoracie.sk/babiky-a-sobikovia/strana-2/" "Mozilla/5.0 (Windows NT 5.1; rv:24.0) Gecko/20100101 Firefox/24.0" www.vintage-dekoracie.sk MISS 192.168.100.20:80 200 0.022
90.177.91.153 - - [22/Oct/2013:10:01:16 +0200] "GET /templates/qalita/img/bg_kosik.gif HTTP/1.1" 200 3154 "http://www.fanda-nhl.cz/florida-panthers/?utm_source=sklik&utm_medium=cpc&utm_campaign=Florida%2BPanthers" "Mozilla/4.0 (compatible; MSIE 8.0; Windows NT 6.0; Trident/4.0; SLCC1; .NET CLR 2.0.50727; Media Center PC 5.0; .NET CLR 3.0.30618; .NET CLR 3.5.30729; Zune 4.7; .NET4.0C)" www.fanda-nhl.cz EXPIRED 192.168.100.20:80 200 0.009
95.102.76.82 - - [22/Oct/2013:10:01:16 +0200] "GET /cms/img/payment_logos/kb.gif HTTP/1.1" 200 1264 "http://www.plavani-potapeni.cz/plavky/?gclid=CIWpoO_8qboCFVMftAodhWwAMA" "Mozilla/5.0 (Windows NT 6.0; WOW64; rv:24.0) Gecko/20100101 Firefox/24.0" www.plavani-potapeni.cz EXPIRED 192.168.100.20:80 200 0.007
37.48.41.145 - - [22/Oct/2013:10:01:16 +0200] "GET /hodinky-burberry/burberry-bu7682-endurance HTTP/1.1" 200 7271 "http://www.zaminutu.cz/hodinky-burberry-panske/strana-2/" "Mozilla/5.0 (Windows NT 6.1) AppleWebKit/537.36 (KHTML, like Gecko) Chrome/30.0.1599.101 Safari/537.36" www.zaminutu.cz MISS 192.168.100.10:80 200 0.878
90.177.91.153 - - [22/Oct/2013:10:01:16 +0200] "GET /templates/qalita/img/bg_zapati.jpg HTTP/1.1" 200 49678 "http://www.fanda-nhl.cz/florida-panthers/?utm_source=sklik&utm_medium=cpc&utm_campaign=Florida%2BPanthers" "Mozilla/4.0 (compatible; MSIE 8.0; Windows NT 6.0; Trident/4.0; SLCC1; .NET CLR 2.0.50727; Media Center PC 5.0; .NET CLR 3.0.30618; .NET CLR 3.5.30729; Zune 4.7; .NET4.0C)" www.fanda-nhl.cz EXPIRED 192.168.100.20:80 200 0.008
95.102.76.82 - - [22/Oct/2013:10:01:16 +0200] "GET /cms/img/payment_logos/ceskaSporitelna.gif HTTP/1.1" 200 1727 "http://www.plavani-potapeni.cz/plavky/?gclid=CIWpoO_8qboCFVMftAodhWwAMA" "Mozilla/5.0 (Windows NT 6.0; WOW64; rv:24.0) Gecko/20100101 Firefox/24.0" www.plavani-potapeni.cz EXPIRED 192.168.100.20:80 200 0.005
87.197.181.106 - - [22/Oct/2013:10:01:16 +0200] "GET /user/shop/category/5110.jpg HTTP/1.0" 200 3890 "http://www.vintage-dekoracie.sk/babiky-a-sobikovia/strana-2/" "Mozilla/5.0 (Windows NT 5.1; rv:24.0) Gecko/20100101 Firefox/24.0" www.vintage-dekoracie.sk MISS 192.168.100.20:80 200 0.029
193.165.147.215 - - [22/Oct/2013:10:01:16 +0200] "GET /templates/samolepkynazed/css/main.css HTTP/1.1" 200 5471 "http://www.samolepkynazed.cz/sablony-na-zed-na-malovani/" "Mozilla/5.0 (Windows NT 5.1) AppleWebKit/537.36 (KHTML, like Gecko) Chrome/28.0.1500.72 Safari/537.36" www.samolepkynazed.cz HIT - - -
83.240.54.164 - - [22/Oct/2013:10:01:16 +0200] "GET /admin/login/ HTTP/1.1" 200 1204 "http://www.drevo-stroje.cz/admin/" "Mozilla/5.0 (Windows NT 6.1) AppleWebKit/537.36 (KHTML, like Gecko) Chrome/30.0.1599.101 Safari/537.36" www.drevo-stroje.cz MISS 192.168.100.163:80 200 0.313
195.39.19.22 - - [22/Oct/2013:10:01:16 +0200] "GET /templates/frontend_templates/_/img/homeIcon.gif HTTP/1.1" 200 70 "http://www.novakabelka.cz/kontakty/" "Mozilla/5.0 (compatible; MSIE 9.0; Windows NT 6.1; Trident/5.0)" www.novakabelka.cz HIT - - -
95.168.214.81 - - [22/Oct/2013:10:01:16 +0200] "GET /user/shop/orig_small/3026%281%29.jpg HTTP/1.1" 200 10682 "-" "Mozilla/5.0 (Windows; U; Windows NT 5.1; cs; rv:1.9.2.12) Gecko/20101026 Firefox/3.6.12 ( .NET CLR 3.5.30729)" eshop.gastro-styl.cz MISS 192.168.100.20:80 200 0.045
85.71.183.230 - - [22/Oct/2013:10:01:16 +0200] "GET /templates/frontend_templates/01-blueyellowdark/img/cs/detailButton.gif HTTP/1.1" 200 1435 "http://www.karbon-folie.cz/" "Mozilla/5.0 (Windows NT 6.0; rv:24.0) Gecko/20100101 Firefox/24.0" www.karbon-folie.cz HIT - - -
90.177.91.153 - - [22/Oct/2013:10:01:16 +0200] "GET /templates/qalita/img/bg_newsletter.jpg HTTP/1.1" 200 3175 "http://www.fanda-nhl.cz/florida-panthers/?utm_source=sklik&utm_medium=cpc&utm_campaign=Florida%2BPanthers" "Mozilla/4.0 (compatible; MSIE 8.0; Windows NT 6.0; Trident/4.0; SLCC1; .NET CLR 2.0.50727; Media Center PC 5.0; .NET CLR 3.0.30618; .NET CLR 3.5.30729; Zune 4.7; .NET4.0C)" www.fanda-nhl.cz EXPIRED 192.168.100.20:80 200 0.008
88.101.35.70 - - [22/Oct/2013:10:01:16 +0200] "GET /admin/action/Notifications/getLastNotifications/?lastSeenNotification=302 HTTP/1.1" 200 74 "http://www.profiequis.cz/admin/" "Mozilla/5.0 (compatible; MSIE 10.0; Windows NT 6.1; WOW64; Trident/6.0)" www.profiequis.cz BYPASS 192.168.100.163:80 200 0.541
87.197.181.106 - - [22/Oct/2013:10:01:16 +0200] "GET /user/shop/category/4848.jpg HTTP/1.0" 200 3255 "http://www.vintage-dekoracie.sk/babiky-a-sobikovia/strana-2/" "Mozilla/5.0 (Windows NT 5.1; rv:24.0) Gecko/20100101 Firefox/24.0" www.vintage-dekoracie.sk MISS 192.168.100.20:80 200 0.015
195.212.58.199 - - [22/Oct/2013:10:01:16 +0200] "GET /templates/frontend_templates/_/css/mobile.css?parse=1&l=sk&t=03-greenbrown&bu=%2Fcms%2Fimg%2Fheader_backgrounds%2F02-redgreen.jpg&fx=401&fy=4 HTTP/1.1" 200 5220 "http://www.vintage-dekoracie.sk/dekoracie-dom-a-byt/" "Mozilla/4.0 (compatible; MSIE 8.0; Windows NT 6.1; Trident/4.0; SLCC2; .NET CLR 2.0.50727; .NET CLR 3.5.30729; .NET CLR 3.0.30729; Media Center PC 6.0; .NET CLR 1.1.4322; .NET4.0C; .NET4.0E)" www.vintage-dekoracie.sk MISS 192.168.100.20:80 200 0.070
90.177.91.153 - - [22/Oct/2013:10:01:16 +0200] "GET /templates/qalita/img/bg_kategorie.jpg HTTP/1.1" 200 3039 "http://www.fanda-nhl.cz/florida-panthers/?utm_source=sklik&utm_medium=cpc&utm_campaign=Florida%2BPanthers" "Mozilla/4.0 (compatible; MSIE 8.0; Windows NT 6.0; Trident/4.0; SLCC1; .NET CLR 2.0.50727; Media Center PC 5.0; .NET CLR 3.0.30618; .NET CLR 3.5.30729; Zune 4.7; .NET4.0C)" www.fanda-nhl.cz EXPIRED 192.168.100.20:80 200 0.010
195.39.19.22 - - [22/Oct/2013:10:01:16 +0200] "GET /user/temp/c69c686e9836e299e6e283551f86f4e6.css HTTP/1.1" 200 19688 "http://www.novakabelka.cz/kontakty/" "Mozilla/5.0 (compatible; MSIE 9.0; Windows NT 6.1; Trident/5.0)" www.novakabelka.cz MISS 192.168.100.20:80 200 0.081
195.212.58.199 - - [22/Oct/2013:10:01:16 +0200] "GET /templates/frontend_templates/03-greenbrown/css/project.css?parse=1&amp;l=sk&amp;t=03-greenbrown&amp;bu=%2Fcms%2Fimg%2Fheader_backgrounds%2F02-redgreen.jpg&amp;fx=401&amp;fy=4 HTTP/1.1" 200 2198 "http://www.vintage-dekoracie.sk/dekoracie-dom-a-byt/" "Mozilla/4.0 (compatible; MSIE 8.0; Windows NT 6.1; Trident/4.0; SLCC2; .NET CLR 2.0.50727; .NET CLR 3.5.30729; .NET CLR 3.0.30729; Media Center PC 6.0; .NET CLR 1.1.4322; .NET4.0C; .NET4.0E)" www.vintage-dekoracie.sk MISS 192.168.100.20:80 200 0.083
82.209.23.178 - - [22/Oct/2013:10:01:16 +0200] "GET /admin/login/ HTTP/1.1" 200 1208 "http://www.italie-lahudky.cz/admin/skladove-zasoby/?from=" "Mozilla/5.0 (Windows NT 6.1; WOW64) AppleWebKit/537.36 (KHTML, like Gecko) Chrome/30.0.1599.101 Safari/537.36" www.italie-lahudky.cz MISS 192.168.100.10:80 200 0.280
87.197.181.106 - - [22/Oct/2013:10:01:16 +0200] "GET /user/shop/category/4870.jpg HTTP/1.0" 200 2995 "http://www.vintage-dekoracie.sk/babiky-a-sobikovia/strana-2/" "Mozilla/5.0 (Windows NT 5.1; rv:24.0) Gecko/20100101 Firefox/24.0" www.vintage-dekoracie.sk MISS 192.168.100.20:80 200 0.043
95.102.76.82 - - [22/Oct/2013:10:01:16 +0200] "GET /cms/img/payment_logos/mBank.gif HTTP/1.1" 200 1979 "http://www.plavani-potapeni.cz/plavky/?gclid=CIWpoO_8qboCFVMftAodhWwAMA" "Mozilla/5.0 (Windows NT 6.0; WOW64; rv:24.0) Gecko/20100101 Firefox/24.0" www.plavani-potapeni.cz EXPIRED 192.168.100.20:80 200 0.008
95.102.76.82 - - [22/Oct/2013:10:01:16 +0200] "GET /cms/img/payment_logos/raiffeisenBank.gif HTTP/1.1" 200 2109 "http://www.plavani-potapeni.cz/plavky/?gclid=CIWpoO_8qboCFVMftAodhWwAMA" "Mozilla/5.0 (Windows NT 6.0; WOW64; rv:24.0) Gecko/20100101 Firefox/24.0" www.plavani-potapeni.cz EXPIRED 192.168.100.20:80 200 0.005
195.212.58.199 - - [22/Oct/2013:10:01:16 +0200] "GET /templates/frontend_templates/03/css/main.css?parse=1&amp;l=sk&amp;t=03-greenbrown&amp;bu=%2Fcms%2Fimg%2Fheader_backgrounds%2F02-redgreen.jpg&amp;fx=401&amp;fy=4 HTTP/1.1" 200 4616 "http://www.vintage-dekoracie.sk/dekoracie-dom-a-byt/" "Mozilla/4.0 (compatible; MSIE 8.0; Windows NT 6.1; Trident/4.0; SLCC2; .NET CLR 2.0.50727; .NET CLR 3.5.30729; .NET CLR 3.0.30729; Media Center PC 6.0; .NET CLR 1.1.4322; .NET4.0C; .NET4.0E)" www.vintage-dekoracie.sk MISS 192.168.100.20:80 200 0.099
95.102.76.82 - - [22/Oct/2013:10:01:16 +0200] "GET /cms/img/payment_logos/volksBank.gif HTTP/1.1" 200 1774 "http://www.plavani-potapeni.cz/plavky/?gclid=CIWpoO_8qboCFVMftAodhWwAMA" "Mozilla/5.0 (Windows NT 6.0; WOW64; rv:24.0) Gecko/20100101 Firefox/24.0" www.plavani-potapeni.cz EXPIRED 192.168.100.20:80 200 0.005
87.197.181.106 - - [22/Oct/2013:10:01:16 +0200] "GET /user/shop/category/4864.jpg HTTP/1.0" 200 3139 "http://www.vintage-dekoracie.sk/babiky-a-sobikovia/strana-2/" "Mozilla/5.0 (Windows NT 5.1; rv:24.0) Gecko/20100101 Firefox/24.0" www.vintage-dekoracie.sk MISS 192.168.100.20:80 200 0.018
95.102.76.82 - - [22/Oct/2013:10:01:16 +0200] "GET /templates/frontend_templates/02-bluelight/img/cs/detailButton.gif HTTP/1.1" 200 1707 "http://www.plavani-potapeni.cz/plavky/?gclid=CIWpoO_8qboCFVMftAodhWwAMA" "Mozilla/5.0 (Windows NT 6.0; WOW64; rv:24.0) Gecko/20100101 Firefox/24.0" www.plavani-potapeni.cz MISS 192.168.100.20:80 200 0.007
145.255.156.160 - - [22/Oct/2013:10:01:16 +0200] "GET /templates/astrasat/img/sk/bg_on_and_go.gif HTTP/1.1" 200 4863 "http://www.astrasat.sk/" "Mozilla/5.0 (Linux; U; Android 4.1.2; sk-sk; GT-I9300 Build/JZO54K) AppleWebKit/534.30 (KHTML, like Gecko) Version/4.0 Mobile Safari/534.30" www.astrasat.sk HIT - - -
193.165.147.215 - - [22/Oct/2013:10:01:16 +0200] "GET /templates/samolepkynazed/css/project.css HTTP/1.1" 200 1842 "http://www.samolepkynazed.cz/sablony-na-zed-na-malovani/" "Mozilla/5.0 (Windows NT 5.1) AppleWebKit/537.36 (KHTML, like Gecko) Chrome/28.0.1500.72 Safari/537.36" www.samolepkynazed.cz HIT - - -
87.197.181.106 - - [22/Oct/2013:10:01:16 +0200] "GET /user/shop/category/5413.jpg HTTP/1.0" 200 2775 "http://www.vintage-dekoracie.sk/babiky-a-sobikovia/strana-2/" "Mozilla/5.0 (Windows NT 5.1; rv:24.0) Gecko/20100101 Firefox/24.0" www.vintage-dekoracie.sk MISS 192.168.100.20:80 200 0.014
193.165.147.215 - - [22/Oct/2013:10:01:16 +0200] "GET /templates/samolepkynazed/css/print.css HTTP/1.1" 200 384 "http://www.samolepkynazed.cz/sablony-na-zed-na-malovani/" "Mozilla/5.0 (Windows NT 5.1) AppleWebKit/537.36 (KHTML, like Gecko) Chrome/28.0.1500.72 Safari/537.36" www.samolepkynazed.cz HIT - - -
193.165.147.215 - - [22/Oct/2013:10:01:16 +0200] "GET /templates/samolepkynazed/css/cs.css HTTP/1.1" 200 207 "http://www.samolepkynazed.cz/sablony-na-zed-na-malovani/" "Mozilla/5.0 (Windows NT 5.1) AppleWebKit/537.36 (KHTML, like Gecko) Chrome/28.0.1500.72 Safari/537.36" www.samolepkynazed.cz HIT - - -
195.39.19.22 - - [22/Oct/2013:10:01:16 +0200] "GET /templates/frontend_templates/_/css/modal.css?parse=1&amp;l=cs&amp;t=novakabelka&amp;bu=%2Fcms%2Fimg%2Fheader_backgrounds%2F02-blue.gif&amp;fx=319&amp;fy=0 HTTP/1.1" 200 61 "http://www.novakabelka.cz/kontakty/" "Mozilla/5.0 (compatible; MSIE 9.0; Windows NT 6.1; Trident/5.0)" www.novakabelka.cz MISS 192.168.100.20:80 200 0.063
90.177.91.153 - - [22/Oct/2013:10:01:16 +0200] "GET /templates/qalita/img/cs/button-odeslat.gif HTTP/1.1" 200 1722 "http://www.fanda-nhl.cz/florida-panthers/?utm_source=sklik&utm_medium=cpc&utm_campaign=Florida%2BPanthers" "Mozilla/4.0 (compatible; MSIE 8.0; Windows NT 6.0; Trident/4.0; SLCC1; .NET CLR 2.0.50727; Media Center PC 5.0; .NET CLR 3.0.30618; .NET CLR 3.5.30729; Zune 4.7; .NET4.0C)" www.fanda-nhl.cz EXPIRED 192.168.100.20:80 200 0.005
85.237.227.47 - - [22/Oct/2013:10:01:16 +0200] "GET /kamenne-obklady/strana-2/ HTTP/1.1" 200 12137 "http://www.simplestone.cz/kamenne-obklady/" "Mozilla/5.0 (Windows NT 6.1; rv:24.0) Gecko/20100101 Firefox/24.0" www.simplestone.cz MISS 192.168.100.163:80 200 1.211
195.39.19.22 - - [22/Oct/2013:10:01:16 +0200] "GET /templates/novakabelka/css/print.css?parse=1&amp;l=cs&amp;t=novakabelka&amp;bu=%2Fcms%2Fimg%2Fheader_backgrounds%2F02-blue.gif&amp;fx=319&amp;fy=0 HTTP/1.1" 200 961 "http://www.novakabelka.cz/kontakty/" "Mozilla/5.0 (compatible; MSIE 9.0; Windows NT 6.1; Trident/5.0)" www.novakabelka.cz MISS 192.168.100.20:80 200 0.065
87.197.181.106 - - [22/Oct/2013:10:01:16 +0200] "GET /user/shop/category/4819.jpg HTTP/1.0" 200 3868 "http://www.vintage-dekoracie.sk/babiky-a-sobikovia/strana-2/" "Mozilla/5.0 (Windows NT 5.1; rv:24.0) Gecko/20100101 Firefox/24.0" www.vintage-dekoracie.sk MISS 192.168.100.20:80 200 0.020
95.102.76.82 - - [22/Oct/2013:10:01:16 +0200] "GET /templates/frontend_templates/02-bluelight/img/cs/cartButton.gif HTTP/1.1" 200 551 "http://www.plavani-potapeni.cz/plavky/?gclid=CIWpoO_8qboCFVMftAodhWwAMA" "Mozilla/5.0 (Windows NT 6.0; WOW64; rv:24.0) Gecko/20100101 Firefox/24.0" www.plavani-potapeni.cz HIT - - -
90.177.91.153 - - [22/Oct/2013:10:01:16 +0200] "GET /templates/qalita/img/copyright.gif HTTP/1.1" 200 5967 "http://www.fanda-nhl.cz/florida-panthers/?utm_source=sklik&utm_medium=cpc&utm_campaign=Florida%2BPanthers" "Mozilla/4.0 (compatible; MSIE 8.0; Windows NT 6.0; Trident/4.0; SLCC1; .NET CLR 2.0.50727; Media Center PC 5.0; .NET CLR 3.0.30618; .NET CLR 3.5.30729; Zune 4.7; .NET4.0C)" www.fanda-nhl.cz HIT - - -
95.102.76.82 - - [22/Oct/2013:10:01:16 +0200] "GET /templates/frontend_templates/02-bluelight/img/nextIcon.gif HTTP/1.1" 200 390 "http://www.plavani-potapeni.cz/plavky/?gclid=CIWpoO_8qboCFVMftAodhWwAMA" "Mozilla/5.0 (Windows NT 6.0; WOW64; rv:24.0) Gecko/20100101 Firefox/24.0" www.plavani-potapeni.cz MISS 192.168.100.20:80 200 0.011
90.178.168.113 - - [22/Oct/2013:10:01:16 +0200] "GET /admin/action/Notifications/getLastNotifications/?lastSeenNotification=10 HTTP/1.1" 200 72 "http://www.skolnibatohy.cz/admin/kategorie-detail/?id=699" "Mozilla/5.0 (compatible; MSIE 10.0; Windows NT 6.1; Trident/6.0)" www.skolnibatohy.cz BYPASS 192.168.100.10:80 200 0.285
178.154.204.250 - - [22/Oct/2013:10:01:16 +0200] "GET /user/shop/category/917(1).jpg HTTP/1.1" 304 0 "-" "Mozilla/5.0 (compatible; YandexImages/3.0; +http://yandex.com/bots)" www.nejprokrasu.cz MISS 192.168.100.20:80 200 0.007
195.39.19.22 - - [22/Oct/2013:10:01:16 +0200] "GET /templates/novakabelka/css/project.css?parse=1&amp;l=cs&amp;t=novakabelka&amp;bu=%2Fcms%2Fimg%2Fheader_backgrounds%2F02-blue.gif&amp;fx=319&amp;fy=0 HTTP/1.1" 200 7627 "http://www.novakabelka.cz/kontakty/" "Mozilla/5.0 (compatible; MSIE 9.0; Windows NT 6.1; Trident/5.0)" www.novakabelka.cz MISS 192.168.100.20:80 200 0.117
213.81.220.42 - - [22/Oct/2013:10:01:16 +0200] "GET / HTTP/1.1" 200 9007 "https://www.google.sk/" "Mozilla/5.0 (Windows NT 5.1) AppleWebKit/537.36 (KHTML, like Gecko) Chrome/30.0.1599.101 Safari/537.36" www.detskaobuv.sk MISS 192.168.100.167:80 200 0.680
66.249.78.23 - - [22/Oct/2013:10:01:16 +0200] "GET /robots.txt HTTP/1.1" 200 46 "-" "Mozilla/5.0 (compatible; Googlebot/2.1; +http://www.google.com/bot.html)" pop.www.makalu.cz MISS 192.168.100.20:80 200 0.003
90.177.91.153 - - [22/Oct/2013:10:01:16 +0200] "GET /templates/qalita/img/logo.jpg HTTP/1.1" 200 14114 "http://www.fanda-nhl.cz/florida-panthers/?utm_source=sklik&utm_medium=cpc&utm_campaign=Florida%2BPanthers" "Mozilla/4.0 (compatible; MSIE 8.0; Windows NT 6.0; Trident/4.0; SLCC1; .NET CLR 2.0.50727; Media Center PC 5.0; .NET CLR 3.0.30618; .NET CLR 3.5.30729; Zune 4.7; .NET4.0C)" www.fanda-nhl.cz EXPIRED 192.168.100.20:80 200 0.014
193.165.147.215 - - [22/Oct/2013:10:01:16 +0200] "GET /cms/js/main.js HTTP/1.1" 200 1861 "http://www.samolepkynazed.cz/sablony-na-zed-na-malovani/" "Mozilla/5.0 (Windows NT 5.1) AppleWebKit/537.36 (KHTML, like Gecko) Chrome/28.0.1500.72 Safari/537.36" www.samolepkynazed.cz HIT - - -
193.165.147.215 - - [22/Oct/2013:10:01:16 +0200] "GET /cms/libs/boxover/boxover.js HTTP/1.1" 200 3447 "http://www.samolepkynazed.cz/sablony-na-zed-na-malovani/" "Mozilla/5.0 (Windows NT 5.1) AppleWebKit/537.36 (KHTML, like Gecko) Chrome/28.0.1500.72 Safari/537.36" www.samolepkynazed.cz HIT - - -
90.177.91.153 - - [22/Oct/2013:10:01:16 +0200] "GET /templates/qalita/img/bg_meny.gif HTTP/1.1" 200 3978 "http://www.fanda-nhl.cz/florida-panthers/?utm_source=sklik&utm_medium=cpc&utm_campaign=Florida%2BPanthers" "Mozilla/4.0 (compatible; MSIE 8.0; Windows NT 6.0; Trident/4.0; SLCC1; .NET CLR 2.0.50727; Media Center PC 5.0; .NET CLR 3.0.30618; .NET CLR 3.5.30729; Zune 4.7; .NET4.0C)" www.fanda-nhl.cz EXPIRED 192.168.100.20:80 200 0.003
145.255.156.160 - - [22/Oct/2013:10:01:16 +0200] "GET /templates/astrasat/img/sk/bg_zlavy.gif HTTP/1.1" 200 3871 "http://www.astrasat.sk/" "Mozilla/5.0 (Linux; U; Android 4.1.2; sk-sk; GT-I9300 Build/JZO54K) AppleWebKit/534.30 (KHTML, like Gecko) Version/4.0 Mobile Safari/534.30" www.astrasat.sk HIT - - -
90.182.20.22 - - [22/Oct/2013:10:01:16 +0200] "GET /admin/action/Notifications/getLastNotifications/?lastSeenNotification=108 HTTP/1.1" 200 74 "http://www.johany.cz/admin/zbozi/?from=" "Mozilla/5.0 (Windows NT 6.0; rv:24.0) Gecko/20100101 Firefox/24.0" www.johany.cz BYPASS 192.168.100.163:80 200 0.309
85.207.5.55 - - [22/Oct/2013:10:01:16 +0200] "GET /clip-in-sady/ HTTP/1.0" 200 9504 "http://search.seznam.cz/" "Mozilla/5.0 (iPhone; CPU iPhone OS 6_1_2 like Mac OS X) AppleWebKit/536.26 (KHTML, like Gecko) CriOS/29.0.1547.11 Mobile/10B146 Safari/8536.25" www.czvlasy.cz MISS 192.168.100.167:80 200 1.536
90.177.91.153 - - [22/Oct/2013:10:01:16 +0200] "GET /templates/qalita/img/cs/bg_menu_a.gif HTTP/1.1" 200 25804 "http://www.fanda-nhl.cz/florida-panthers/?utm_source=sklik&utm_medium=cpc&utm_campaign=Florida%2BPanthers" "Mozilla/4.0 (compatible; MSIE 8.0; Windows NT 6.0; Trident/4.0; SLCC1; .NET CLR 2.0.50727; Media Center PC 5.0; .NET CLR 3.0.30618; .NET CLR 3.5.30729; Zune 4.7; .NET4.0C)" www.fanda-nhl.cz EXPIRED 192.168.100.20:80 200 0.004
65.55.215.60 - - [22/Oct/2013:10:01:16 +0200] "GET /user/shop/category/2257.jpg HTTP/1.1" 200 5049 "-" "msnbot-media/1.1 (+http://search.msn.com/msnbot.htm)" www.vintage-dekoracie.sk MISS 192.168.100.20:80 200 0.012
145.255.156.160 - - [22/Oct/2013:10:01:16 +0200] "GET /templates/astrasat/img/sk/bg_odber.gif HTTP/1.1" 200 4910 "http://www.astrasat.sk/" "Mozilla/5.0 (Linux; U; Android 4.1.2; sk-sk; GT-I9300 Build/JZO54K) AppleWebKit/534.30 (KHTML, like Gecko) Version/4.0 Mobile Safari/534.30" www.astrasat.sk HIT - - -
90.177.91.153 - - [22/Oct/2013:10:01:16 +0200] "GET /templates/qalita/img/bg_kontakt.jpg HTTP/1.1" 200 3054 "http://www.fanda-nhl.cz/florida-panthers/?utm_source=sklik&utm_medium=cpc&utm_campaign=Florida%2BPanthers" "Mozilla/4.0 (compatible; MSIE 8.0; Windows NT 6.0; Trident/4.0; SLCC1; .NET CLR 2.0.50727; Media Center PC 5.0; .NET CLR 3.0.30618; .NET CLR 3.5.30729; Zune 4.7; .NET4.0C)" www.fanda-nhl.cz EXPIRED 192.168.100.20:80 200 0.004
145.255.156.160 - - [22/Oct/2013:10:01:16 +0200] "GET /templates/astrasat/img/sk/bg_rada.gif HTTP/1.1" 200 4042 "http://www.astrasat.sk/" "Mozilla/5.0 (Linux; U; Android 4.1.2; sk-sk; GT-I9300 Build/JZO54K) AppleWebKit/534.30 (KHTML, like Gecko) Version/4.0 Mobile Safari/534.30" www.astrasat.sk HIT - - -
145.255.156.160 - - [22/Oct/2013:10:01:16 +0200] "GET /templates/astrasat/img/sk/bg_bezplatna_vymena.gif HTTP/1.1" 200 5040 "http://www.astrasat.sk/" "Mozilla/5.0 (Linux; U; Android 4.1.2; sk-sk; GT-I9300 Build/JZO54K) AppleWebKit/534.30 (KHTML, like Gecko) Version/4.0 Mobile Safari/534.30" www.astrasat.sk HIT - - -
65.55.212.66 - - [22/Oct/2013:10:01:16 +0200] "GET /opravarenske-kovy-metal-set/3463-metal-magic-steel-tycinka HTTP/1.1" 200 5309 "-" "Mozilla/4.0 (compatible; MSIE 7.0; Windows NT 5.2;  SV1;  .NET CLR 1.1.4325;  .NET CLR 2.0.40607;  .NET CLR 3.0.04506.648)" www.lenax.sk MISS 192.168.100.10:80 200 0.436
90.177.231.82 - - [22/Oct/2013:10:01:16 +0200] "GET /admin/action/Notifications/getLastNotifications/?lastSeenNotification=34 HTTP/1.1" 301 20 "http://www.sandowmag.com/admin/zbozi/" "Mozilla/5.0 (Windows NT 6.0) AppleWebKit/537.36 (KHTML, like Gecko) Chrome/30.0.1599.101 Safari/537.36" www.sandowmag.com MISS 192.168.100.163:80 301 0.178
90.177.91.153 - - [22/Oct/2013:10:01:16 +0200] "GET /templates/qalita/img/cs/h4-newsletter.gif HTTP/1.1" 200 10353 "http://www.fanda-nhl.cz/florida-panthers/?utm_source=sklik&utm_medium=cpc&utm_campaign=Florida%2BPanthers" "Mozilla/4.0 (compatible; MSIE 8.0; Windows NT 6.0; Trident/4.0; SLCC1; .NET CLR 2.0.50727; Media Center PC 5.0; .NET CLR 3.0.30618; .NET CLR 3.5.30729; Zune 4.7; .NET4.0C)" www.fanda-nhl.cz EXPIRED 192.168.100.20:80 200 0.005
176.107.123.10 - - [22/Oct/2013:10:01:16 +0200] "GET /hokejove-rukavice:reebok/ HTTP/1.1" 200 6950 "http://www.hokejsport.cz/hokejove-rukavice:reebok/strana-2/" "Mozilla/5.0 (compatible; MSIE 10.0; Windows NT 6.1; WOW64; Trident/6.0)" www.hokejsport.cz MISS 192.168.100.163:80 200 0.716
109.105.32.197 - - [22/Oct/2013:10:01:16 +0200] "GET /admin/prehled-objednavek/ HTTP/1.1" 200 9620 "http://www.kru.cz/admin/objednavky-detail/?id=1419" "Mozilla/5.0 (Windows NT 5.1) AppleWebKit/537.36 (KHTML, like Gecko) Chrome/30.0.1599.101 Safari/537.36" www.kru.cz BYPASS 192.168.100.10:80 200 0.841
178.23.219.3 - - [22/Oct/2013:10:01:16 +0200] "GET /admin/prehled-objednavek/ HTTP/1.1" 200 9772 "http://www.kru.cz/admin/prehled-objednavek/" "Mozilla/5.0 (Windows NT 5.1; rv:24.0) Gecko/20100101 Firefox/24.0" www.kru.cz BYPASS 192.168.100.163:80 200 1.378
145.255.156.160 - - [22/Oct/2013:10:01:16 +0200] "GET /templates/astrasat/img/sk/bg_doprava.gif HTTP/1.1" 200 4026 "http://www.astrasat.sk/" "Mozilla/5.0 (Linux; U; Android 4.1.2; sk-sk; GT-I9300 Build/JZO54K) AppleWebKit/534.30 (KHTML, like Gecko) Version/4.0 Mobile Safari/534.30" www.astrasat.sk HIT - - -
